---
source: re-parse-proc-macro/src/parser.rs
expression: "parse(\"a{a}b{b}c\")"
snapshot_kind: text
---
Ok(
    And(
        Literal(
            Char(
                'a',
            ),
        ),
        Variable(
            RegexVariable {
                name: "a",
                kind: Singular,
            },
        ),
        Literal(
            Char(
                'b',
            ),
        ),
        Variable(
            RegexVariable {
                name: "b",
                kind: Singular,
            },
        ),
        Literal(
            Char(
                'c',
            ),
        ),
    ),
)
