---
source: re-parse-proc-macro/src/parser.rs
expression: "parse(\"[ABC]\")"
snapshot_kind: text
---
Ok(
    Or(
        Literal(
            Char(
                'A',
            ),
        ),
        Literal(
            Char(
                'B',
            ),
        ),
        Literal(
            Char(
                'C',
            ),
        ),
    ),
)
