---
source: re-parse-proc-macro/src/parser.rs
expression: "parse(\"a{a}b{b}c\")"
snapshot_kind: text
---
Ok(
    And(
        Literal(
            Char(
                'a',
            ),
        ),
        Variable(
            "a",
        ),
        Literal(
            Char(
                'b',
            ),
        ),
        Variable(
            "b",
        ),
        Literal(
            Char(
                'c',
            ),
        ),
    ),
)
